// Jest Snapshot v1, https://goo.gl/fbAQLP

exports[`Footer component Matches snapshot 1`] = `
<footer
  className="section"
>
  <div
    className="container"
  >
    <section
      className="section"
    >
      <h2>
        About
      </h2>
      <p>
        \`"
        <em>
          Viking Language\`
        </em>
        " is a book series by
        <a
          href="http://www.viking.ucla.edu/"
          rel="noopener noreferrer"
          target="_blank"
        >
          Jesse L. Byock
        </a>
        which teaches basics of Old Norse language.
        <br />
        The books are accompanied by a small dictionary at the end, providing learners a place to look for translations of the books passages.
      </p>
      <p>
        This searchable dictionary is compiled from a
        <a
          href="https://oldnorse.org/2020/09/06/the-old-norse-dictionary/"
          rel="noopener noreferrer"
          target="_blank"
        >
          blog post
        </a>
        by the books publisher
        <a
          href="https://juleswilliampress.com/"
          rel="noopener noreferrer"
          target="_blank"
        >
          Jules William Press
        </a>
      </p>
      <p>
        All rights to Viking Language series belong to Jules William Press and Jesse L. Byock. Data in this dictionary is based on data made openly available by the publisher.
      </p>
    </section>
    <section
      className="section"
    >
      <h3>
        Old Norse language
      </h3>
      <p>
        Old Norse was a North Germanic language that was spoken by inhabitants of Scandinavia and their overseas settlements from about the 7th to the 15th centuries.
      </p>
      <p>
        Also known as "the viking language", "Old Nordic", or "Old Scandinavian"
      </p>
    </section>
    <div
      className="navs"
    >
      <nav
        className="nav"
      >
        <h4
          className="navTitle"
        >
          Dictionary project
        </h4>
        <ul>
          <li>
            <a
              href="https://github.com/stscoundrel/viking-language-dictionary-next"
              rel="noopener noreferrer"
              target="_blank"
            >
              Source code
            </a>
          </li>
          <li>
            <a
              href="https://github.com/stscoundrel/viking-language-dictionary"
              rel="noopener noreferrer"
              target="_blank"
            >
              Data source
            </a>
          </li>
          <li>
            <a
              href="https://github.com/stscoundrel/viking-language-dictionary-abbrevations"
              rel="noopener noreferrer"
              target="_blank"
            >
              Abbreviations
            </a>
          </li>
        </ul>
      </nav>
      <nav
        className="nav"
      >
        <h4
          className="navTitle"
        >
          Related dictionary projects
        </h4>
        <ul>
          <li>
            <a
              href="https://cleasby-vigfusson-dictionary.vercel.app/"
              rel="noopener noreferrer"
              target="_blank"
            >
              Cleasby and Vigfusson Old Norse Dictionary
            </a>
          </li>
          <li>
            <a
              href="https://old-icelandic.vercel.app/"
              rel="noopener noreferrer"
              target="_blank"
            >
              A Concise Dictionary of Old Icelandic
            </a>
          </li>
          <li>
            <a
              href="https://old-norwegian-dictionary.vercel.app/"
              rel="noopener noreferrer"
              target="_blank"
            >
              Dictionary of the Old Norwegian Language
            </a>
          </li>
          <li>
            <a
              href="https://github.com/stscoundrel/old-norse-alphabet"
              rel="noopener noreferrer"
              target="_blank"
            >
              Old Norse Alphabet
            </a>
          </li>
        </ul>
      </nav>
      <nav
        className="nav"
      >
        <h4
          className="navTitle"
        >
          Quick links
        </h4>
        <ul
          className="navColumns"
        >
          <li
            className="navColumnItem"
          >
            <a
              className="link"
              href="/letter/a"
              onClick={[Function]}
              onMouseEnter={[Function]}
              onTouchStart={[Function]}
            >
              A
            </a>
          </li>
          <li
            className="navColumnItem"
          >
            <a
              className="link"
              href="/letter/b"
              onClick={[Function]}
              onMouseEnter={[Function]}
              onTouchStart={[Function]}
            >
              B
            </a>
          </li>
        </ul>
      </nav>
    </div>
    <small
      className="copyright"
    >
      Copyright Â© 2022 - 2021
      <br />
      <a
        href="https://github.com/stscoundrel"
        rel="noopener noreferrer"
        target="_blank"
      >
        Sampo Silvennoinen / StScoundrel
      </a>
    </small>
  </div>
</footer>
`;
